// Jest Snapshot v1, https://goo.gl/fbAQLP

exports[`Comment component renders with an empty comment 1`] = `
Object {
  "asFragment": [Function],
  "baseElement": <body>
    <div>
      <div
        class="comment"
      >
        <div
          class="row comment-header"
        >
          By example@example.com - almost 2 years ago
        </div>
        <div
          class="row comment-body"
        >
          <img
            class="comment-avatar"
            src="https://www.gravatar.com/avatar/23463b99b62a72f26ed677cc556c44e8?s=200&d=identicon"
          />
          <div
            class="DraftEditor-root"
          >
            <div
              class="DraftEditor-editorContainer"
            >
              <div
                class="notranslate public-DraftEditor-content"
                contenteditable="true"
                role="textbox"
                spellcheck="false"
                style="outline: none; user-select: text; white-space: pre-wrap; word-wrap: break-word;"
              >
                <div
                  data-contents="true"
                >
                  <div
                    class=""
                    data-block="true"
                    data-editor="9001"
                    data-offset-key="3sm42-0-0"
                  >
                    <div
                      class="public-DraftStyleDefault-block public-DraftStyleDefault-ltr"
                      data-offset-key="3sm42-0-0"
                    >
                      <span
                        data-offset-key="3sm42-0-0"
                      >
                        <br
                          data-text="true"
                        />
                      </span>
                    </div>
                  </div>
                </div>
              </div>
            </div>
          </div>
        </div>
      </div>
      <div
        class="row replies"
      >
        <div
          class="comment-reply"
        />
      </div>
    </div>
  </body>,
  "container": <div>
    <div
      class="comment"
    >
      <div
        class="row comment-header"
      >
        By example@example.com - almost 2 years ago
      </div>
      <div
        class="row comment-body"
      >
        <img
          class="comment-avatar"
          src="https://www.gravatar.com/avatar/23463b99b62a72f26ed677cc556c44e8?s=200&d=identicon"
        />
        <div
          class="DraftEditor-root"
        >
          <div
            class="DraftEditor-editorContainer"
          >
            <div
              class="notranslate public-DraftEditor-content"
              contenteditable="true"
              role="textbox"
              spellcheck="false"
              style="outline: none; user-select: text; white-space: pre-wrap; word-wrap: break-word;"
            >
              <div
                data-contents="true"
              >
                <div
                  class=""
                  data-block="true"
                  data-editor="9001"
                  data-offset-key="3sm42-0-0"
                >
                  <div
                    class="public-DraftStyleDefault-block public-DraftStyleDefault-ltr"
                    data-offset-key="3sm42-0-0"
                  >
                    <span
                      data-offset-key="3sm42-0-0"
                    >
                      <br
                        data-text="true"
                      />
                    </span>
                  </div>
                </div>
              </div>
            </div>
          </div>
        </div>
      </div>
    </div>
    <div
      class="row replies"
    >
      <div
        class="comment-reply"
      />
    </div>
  </div>,
  "debug": [Function],
  "findAllByAltText": [Function],
  "findAllByDisplayValue": [Function],
  "findAllByLabelText": [Function],
  "findAllByPlaceholderText": [Function],
  "findAllByRole": [Function],
  "findAllByTestId": [Function],
  "findAllByText": [Function],
  "findAllByTitle": [Function],
  "findByAltText": [Function],
  "findByDisplayValue": [Function],
  "findByLabelText": [Function],
  "findByPlaceholderText": [Function],
  "findByRole": [Function],
  "findByTestId": [Function],
  "findByText": [Function],
  "findByTitle": [Function],
  "getAllByAltText": [Function],
  "getAllByDisplayValue": [Function],
  "getAllByLabelText": [Function],
  "getAllByPlaceholderText": [Function],
  "getAllByRole": [Function],
  "getAllByTestId": [Function],
  "getAllByText": [Function],
  "getAllByTitle": [Function],
  "getByAltText": [Function],
  "getByDisplayValue": [Function],
  "getByLabelText": [Function],
  "getByPlaceholderText": [Function],
  "getByRole": [Function],
  "getByTestId": [Function],
  "getByText": [Function],
  "getByTitle": [Function],
  "queryAllByAltText": [Function],
  "queryAllByDisplayValue": [Function],
  "queryAllByLabelText": [Function],
  "queryAllByPlaceholderText": [Function],
  "queryAllByRole": [Function],
  "queryAllByTestId": [Function],
  "queryAllByText": [Function],
  "queryAllByTitle": [Function],
  "queryByAltText": [Function],
  "queryByDisplayValue": [Function],
  "queryByLabelText": [Function],
  "queryByPlaceholderText": [Function],
  "queryByRole": [Function],
  "queryByTestId": [Function],
  "queryByText": [Function],
  "queryByTitle": [Function],
  "rerender": [Function],
  "unmount": [Function],
}
`;
