// Jest Snapshot v1, https://goo.gl/fbAQLP

exports[`faq/faq/Faq renders successfully 1`] = `
<div
  className="container faqs"
>
  <h1>
    FAQ's
  </h1>
  <div
    className="panel"
    key="0"
  >
    <ReactMarkdown
      astPlugins={Array []}
      className="panel-heading"
      escapeHtml={true}
      plugins={Array []}
      rawSourcePos={false}
      renderers={Object {}}
      skipHtml={false}
      source="How do I get started?"
      sourcePos={false}
      transformLinkUri={[Function]}
    />
    <div
      className="panel-body"
    >
      <span>
        <ReactMarkdown
          astPlugins={Array []}
          escapeHtml={true}
          plugins={Array []}
          rawSourcePos={false}
          renderers={Object {}}
          skipHtml={false}
          source="Check out our [video tutorial](https://www.youtube.com/playlist?list=PLU-IMZq18nDsf6VpCrLezLgylfAbRPPV8)."
          sourcePos={false}
          transformLinkUri={[Function]}
        />
      </span>
    </div>
  </div>
  <div
    className="panel"
    key="1"
  >
    <ReactMarkdown
      astPlugins={Array []}
      className="panel-heading"
      escapeHtml={true}
      plugins={Array []}
      rawSourcePos={false}
      renderers={Object {}}
      skipHtml={false}
      source="Is this service free to use?"
      sourcePos={false}
      transformLinkUri={[Function]}
    />
    <div
      className="panel-body"
    >
      <span>
        <ReactMarkdown
          astPlugins={Array []}
          escapeHtml={true}
          plugins={Array []}
          rawSourcePos={false}
          renderers={Object {}}
          skipHtml={false}
          source="Yes!"
          sourcePos={false}
          transformLinkUri={[Function]}
        />
      </span>
    </div>
  </div>
  <div
    className="panel"
    key="2"
  >
    <ReactMarkdown
      astPlugins={Array []}
      className="panel-heading"
      escapeHtml={true}
      plugins={Array []}
      rawSourcePos={false}
      renderers={Object {}}
      skipHtml={false}
      source="Can I restrict access to my data and analysis results on OpenNeuro?"
      sourcePos={false}
      transformLinkUri={[Function]}
    />
    <div
      className="panel-body"
    >
      <span>
        <ReactMarkdown
          astPlugins={Array []}
          escapeHtml={true}
          plugins={Array []}
          rawSourcePos={false}
          renderers={Object {}}
          skipHtml={false}
          source="Yes, but only for a period of 36 months counted from first successful analysis of data from more than one participant. After this period the dataset and related analysis results will be made publicly available."
          sourcePos={false}
          transformLinkUri={[Function]}
        />
      </span>
    </div>
  </div>
  <div
    className="panel"
    key="3"
  >
    <ReactMarkdown
      astPlugins={Array []}
      className="panel-heading"
      escapeHtml={true}
      plugins={Array []}
      rawSourcePos={false}
      renderers={Object {}}
      skipHtml={false}
      source="Are there any restrictions on the uploaded data?"
      sourcePos={false}
      transformLinkUri={[Function]}
    />
    <div
      className="panel-body"
    >
      <span>
        <ReactMarkdown
          astPlugins={Array []}
          escapeHtml={true}
          plugins={Array []}
          rawSourcePos={false}
          renderers={Object {}}
          skipHtml={false}
          source="Yes. By uploading this dataset to OpenNeuro you have to agree to the  following conditions: 
* You are the owner of this dataset and have any necessary ethicspermissions to share the data publicly.
* This dataset does not include any identifiable personal healthinformation as defined by the Health Insurance Portability andAccountability Act of 1996 (including names, zip codes, dates ofbirth, acquisition dates, facial features on structural scansetc.).
* You agree that this dataset and results of all analysesperformed on it using the OpenNeuro platform will becomepublicly available under a Creative Commons CC0 or CC-BY licenseafter a grace period of 36 months counted from first successfulanalysis of data from more than one participant."
          sourcePos={false}
          transformLinkUri={[Function]}
        />
      </span>
    </div>
  </div>
  <div
    className="panel"
    key="4"
  >
    <ReactMarkdown
      astPlugins={Array []}
      className="panel-heading"
      escapeHtml={true}
      plugins={Array []}
      rawSourcePos={false}
      renderers={Object {}}
      skipHtml={false}
      source="What if I will not be able to publish my paper in 36 months?"
      sourcePos={false}
      transformLinkUri={[Function]}
    />
    <div
      className="panel-body"
    >
      <span>
        <ReactMarkdown
          astPlugins={Array []}
          escapeHtml={true}
          plugins={Array []}
          rawSourcePos={false}
          renderers={Object {}}
          skipHtml={false}
          source="You can apply for up to two 6 month long extensions of the graceperiod. To apply please contact support. We encourage you to publisha preprint of your work to reduce the uncertainty of the publishingpipeline."
          sourcePos={false}
          transformLinkUri={[Function]}
        />
      </span>
    </div>
  </div>
  <div
    className="panel"
    key="5"
  >
    <ReactMarkdown
      astPlugins={Array []}
      className="panel-heading"
      escapeHtml={true}
      plugins={Array []}
      rawSourcePos={false}
      renderers={Object {}}
      skipHtml={false}
      source="Can I upload and analyze a publicly available dataset from another repository?"
      sourcePos={false}
      transformLinkUri={[Function]}
    />
    <div
      className="panel-body"
    >
      <span>
        <ReactMarkdown
          astPlugins={Array []}
          escapeHtml={true}
          plugins={Array []}
          rawSourcePos={false}
          renderers={Object {}}
          skipHtml={false}
          source="The mission of OpenNeuro is to incentivize data sharing viaproviding data analysis service. Thus we discourage using it toanalyze already publicly available datasets. This policy mightchange in the future depending on improvements in analysis cost."
          sourcePos={false}
          transformLinkUri={[Function]}
        />
      </span>
    </div>
  </div>
  <div
    className="panel"
    key="6"
  >
    <ReactMarkdown
      astPlugins={Array []}
      className="panel-heading"
      escapeHtml={true}
      plugins={Array []}
      rawSourcePos={false}
      renderers={Object {}}
      skipHtml={false}
      source="Do I need to format my data in some special way before uploading it to OpenNeuro?"
      sourcePos={false}
      transformLinkUri={[Function]}
    />
    <div
      className="panel-body"
    >
      <span>
        <ReactMarkdown
          astPlugins={Array []}
          escapeHtml={true}
          plugins={Array []}
          rawSourcePos={false}
          renderers={Object {}}
          skipHtml={false}
          source="Yes! OpenNeuro only accepts data in the Brain Imaging Data Structure(BIDS) format. You can read about it more at [bids.neuroimaging.io](http://bids.neuroimaging.io/). If you have any questions about organizing your data pleasepost them at [neurostars.org](https://neurostars.org/tags/bids)."
          sourcePos={false}
          transformLinkUri={[Function]}
        />
      </span>
    </div>
  </div>
  <div
    className="panel"
    key="7"
  >
    <ReactMarkdown
      astPlugins={Array []}
      className="panel-heading"
      escapeHtml={true}
      plugins={Array []}
      rawSourcePos={false}
      renderers={Object {}}
      skipHtml={false}
      source="Do I need to remove facial features from structural images before uploading the data?"
      sourcePos={false}
      transformLinkUri={[Function]}
    />
    <div
      className="panel-body"
    >
      <span>
        <ReactMarkdown
          astPlugins={Array []}
          escapeHtml={true}
          plugins={Array []}
          rawSourcePos={false}
          renderers={Object {}}
          skipHtml={false}
          source="Yes. We recommend using [pydeface](https://pypi.python.org/pypi/pydeface). Defacing is strongly preffered over skullstripping, becausethe process is more robust and yields lower chance of accidentallyremoving brain tissue."
          sourcePos={false}
          transformLinkUri={[Function]}
        />
      </span>
    </div>
  </div>
  <div
    className="panel"
    key="8"
  >
    <ReactMarkdown
      astPlugins={Array []}
      className="panel-heading"
      escapeHtml={true}
      plugins={Array []}
      rawSourcePos={false}
      renderers={Object {}}
      skipHtml={false}
      source="I am having trouble downloading with Firefox, what can I do?"
      sourcePos={false}
      transformLinkUri={[Function]}
    />
    <div
      className="panel-body"
    >
      <span>
        <ReactMarkdown
          astPlugins={Array []}
          escapeHtml={true}
          plugins={Array []}
          rawSourcePos={false}
          renderers={Object {}}
          skipHtml={false}
          source="Firefox is working to support the APIs used by downloads but as ofFirefox 60, these features are hidden behind experimentalconfiguration flags. Chrome is recommended for dataset or snapshotdownloads, but you can try out Firefox support by enabling three \`about:config\` flags.
* \`dom.streams.enabled\` - enables web streams.
* \`javascript.options.streams\` - allows Javascript to use the API.
 * \`dom.ipc.multiOptOut\` - works around thread bugs, this may not beneeded but improves reliablity on some platforms. 

You can find out more about [web streams on MDN](https://developer.mozilla.org/en-US/docs/Web/API/Streams_API)."
          sourcePos={false}
          transformLinkUri={[Function]}
        />
      </span>
    </div>
  </div>
</div>
`;
