// Vitest Snapshot v1, https://vitest.dev/guide/snapshot.html

exports[`email template -> comment created > renders with expected arguments 1`] = `
"<html>
<head>
<style>
	body {
		font-family: 'Open Sans', sans-serif;
		font-weight: lighter;
		background: #F5F5F5;
	}
	footer {
		border-top: 1px solid #333;
		padding-top: 15px;
		background: #F5F5F5;
	}
	.link {
		color: #00505c
	}
	.link:hover {
		color: #0093a9
	}
	.top-bar {
		width: 100%;
		background: #333;
		padding: 8px 0px 8px 15px;
	}
	.content {
		padding: 15px;
	}
	p {
		font-size: 16px;
		font-weight: lighter;
	}
	b {
		font-weight: bold;
	}
	.dataset-link {
		display: inline-block;
		background: #008599;
		color: #FFF;
		font-size: 20px;
		padding: 8px 15px;
		text-decoration: none;
		cursor: pointer;
	}
	.link-div {
		padding-top: 20px;
	}
	.comment {
		border: 1px solid #ccc;
		padding: 15px;
	}
	.FAILED {color: #d9534f;}
	.FINISHED {color: #5cb85c;}
</style>
</head>
<body>
	<div class="top-bar">
		<img src="https://openneuro.org/assets/email-header.1cb8bf76.png" />
	</div>
	<div class="content">
		<h2>Hi, J. Doe</h2>

		<p>
			A new new has been posted on a dataset you follow, <b>Not Real Dataset</b>. 
		</p>
		<div class="comment">
			<p>By: <b>56789</b> on 2063-04-05</p>
			
			Test comment, please ignore		
		</div>
		<div class="link-div">
			<a class="dataset-link" href="https://openneuro.org/datasets/ds1245678#comment-12345">Click here to view this comment on OpenNeuro &raquo;</a>
		</div>

		<p>
			Sincerely,
			The CRN Team
		</p>

	</div>
</body>
<footer>
	If you would like to stop receiving notifications about this dataset, please <a class='link' href="https://openneuro.org/datasets/ds1245678">visit the dataset page</a> and click the 'unfollow' icon.
</footer>
<html>"
`;
