// Vitest Snapshot v1, https://vitest.dev/guide/snapshot.html

exports[`email template -> comment created > renders with expected arguments 1`] = `
"<html>
<head>
<style>
	body {
		font-family: sans-serif;
		font-weight: lighter;
		background: #F5F5F5;
	}
	.top-bar {
		width: 100%;
		background: #333;
		padding: 8px 0px 8px 15px;
	}
	.content {
		padding: 15px;
	}
	p {
		font-size: 16px;
		font-weight: lighter;
	}
	b {
		font-weight: bold;
	}
	.dataset-link {
		display: inline-block;
		background: #5cb85c;
		color: #FFF;
		font-size: 20px;
		padding: 8px 15px;
		text-decoration: none;
		cursor: pointer;
	}
	.FAILED {color: #d9534f;}
	.FINISHED {color: #5cb85c;}
</style>
</head>
<body>
	<div class="top-bar">
		<img src="https://openneuro.org/assets/email-header.1cb8bf76.png" />
	</div>
	<div class="content">
		<h2>Hi, J. Doe</h2>

		<p>
			Your dataset, <b>Reminding Dataset</b>, does not have a snapshot yet. If you would like to publish this dataset, you will first need to create a snapshot.
		</p>

		<p>
			Sincerely,
			The CRN Team
		</p>

		<a class="dataset-link" href="https://openneuro.org/datasets/ds12345678/snapshot">Create a snapshot. &raquo;</a>
	</div>
</body>
<html>"
`;
