// Vitest Snapshot v1, https://vitest.dev/guide/snapshot.html

exports[`FileTree component > renders with default props 1`] = `
<DocumentFragment>
  <article
    class="file-tree accordion "
  >
    <div
      class="accordion-title "
      role="switch"
    >
      <span
        aria-label=""
        class="file-icon on-icon  "
        role="img"
      >
        <i
          class="fas fa-folder"
        />
      </span>
    </div>
    <div
      class="accordion-item  collapsed "
    />
  </article>
</DocumentFragment>
`;
