// Jest Snapshot v1, https://goo.gl/fbAQLP

exports[`DatasetUploaded component renders with common props 1`] = `
<h6>
  uploaded by Tester on 2016-11-06 - almost 3 years ago
</h6>
`;
