// Jest Snapshot v1, https://goo.gl/fbAQLP

exports[`UpdateFile mutation renders with default props 1`] = `
<ApolloProvider
  client={Object {}}
>
  <UpdateFile>
    <div
      className="edit-file"
    >
      <TooltipTop
        tooltip=""
      >
        <input
          className="update-file"
          multiple={false}
          onChange={[Function]}
          type="file"
          webkitdirectory={false}
        />
      </TooltipTop>
    </div>
  </UpdateFile>
</ApolloProvider>
`;
