// Vitest Snapshot v1, https://vitest.dev/guide/snapshot.html

exports[`resolver permissions helpers > checkDatasetAdmin() > resolves to false for anonymous users 1`] = `[Error: You do not have admin access to this dataset.]`;

exports[`resolver permissions helpers > checkDatasetWrite() > resolves to false for anonymous users 1`] = `[Error: You do not have access to modify this dataset.]`;
