// Jest Snapshot v1, https://goo.gl/fbAQLP

exports[`resolver permissions helpers checkDatasetAdmin() resolves to false for anonymous users 1`] = `"You do not have admin access to this dataset."`;

exports[`resolver permissions helpers checkDatasetWrite() resolves to false for anonymous users 1`] = `"You do not have access to modify this dataset."`;
