// Vitest Snapshot v1, https://vitest.dev/guide/snapshot.html

exports[`download.js > checkDestination() > throws an error on existing directories 1`] = `[Error: Target file "package.json" must be a directory]`;
